
> back@0.0.1 test
> jest

npm : FAIL src/common/base/base.service.spec.ts
No linha:1 caractere:1
+ npm test 2>&1 >test_output.txt; Write-Host "Tests completed"; Get-Con ...
+ ~~~~~~~~~~~~~~~~~~~~~~~~~~~~~~
    + CategoryInfo          : NotSpecified: (FAIL src/common...service.spec.ts:String) [], RemoteException
    + FullyQualifiedErrorId : NativeCommandError
 
  ΓùÅ BaseService ΓÇ║ findOne ΓÇ║ should return a single record by id

    expect(received).toEqual(expected) // deep equality

    Expected: {"description": "Desc 1", "id": 1, "name": "Test 1"}
    Received: undefined

    [0m [90m 119 |[39m       [36mconst[39m result [33m=[39m [36mawait[39m 
service[33m.[39mfindOne([35m1[39m)[33m;[39m
     [90m 120 |[39m
    [31m[1m>[22m[39m[90m 121 |[39m       expect(result)[33m.[39mtoEqual(mockData)[33m;[39m
     [90m     |[39m                      [31m[1m^[22m[39m
     [90m 122 |[39m       expect(mockSupabaseService[33m.[39mselect)[33m.[39mtoHaveBeenCalledWith(
     [90m 123 |[39m         [32m'test_table'[39m[33m,[39m
     [90m 124 |[39m         { eq[33m:[39m [[32m'id'[39m[33m,[39m [35m1[39m] }[33m,[39m[0m

      at Object.<anonymous> (common/base/base.service.spec.ts:121:22)

  ΓùÅ BaseService ΓÇ║ findOne ΓÇ║ should throw NotFoundException when record not found

    expect(received).rejects.toThrow()

    Received promise resolved instead of rejected
    Resolved to value: undefined

    [0m [90m 133 |[39m       })[33m;[39m
     [90m 134 |[39m
    [31m[1m>[22m[39m[90m 135 |[39m       [36mawait[39m expect(service[33m.[39mfindOne([35m999[39m))[33
m.[39mrejects[33m.[39mtoThrow([33mNotFoundException[39m)[33m;[39m
     [90m     |[39m             [31m[1m^[22m[39m
     [90m 136 |[39m     })[33m;[39m
     [90m 137 |[39m   })[33m;[39m
     [90m 138 |[39m[0m

      at expect (../node_modules/expect/build/index.js:2116:15)
      at Object.<anonymous> (common/base/base.service.spec.ts:135:13)

  ΓùÅ BaseService ΓÇ║ create ΓÇ║ should create a new record

    expect(received).toEqual(expected) // deep equality

    Expected: {"description": "New Desc", "id": 1, "name": "New Test"}
    Received: undefined

    [0m [90m 149 |[39m       [36mconst[39m result [33m=[39m [36mawait[39m 
service[33m.[39mcreate(createDto)[33m;[39m
     [90m 150 |[39m
    [31m[1m>[22m[39m[90m 151 |[39m       expect(result)[33m.[39mtoEqual(mockResult)[33m;[39m
     [90m     |[39m                      [31m[1m^[22m[39m
     [90m 152 |[39m       expect(mockSupabaseService[33m.[39minsert)[33m.[39mtoHaveBeenCalledWith(
     [90m 153 |[39m         [32m'test_table'[39m[33m,[39m
     [90m 154 |[39m         expect[33m.[39many([33mObject[39m)[0m

      at Object.<anonymous> (common/base/base.service.spec.ts:151:22)

  ΓùÅ BaseService ΓÇ║ create ΓÇ║ should throw error when insert fails

    expect(received).rejects.toThrow()

    Received promise resolved instead of rejected
    Resolved to value: undefined

    [0m [90m 164 |[39m       })[33m;[39m
     [90m 165 |[39m
    [31m[1m>[22m[39m[90m 166 |[39m       [36mawait[39m 
expect(service[33m.[39mcreate(createDto))[33m.[39mrejects[33m.[39mtoThrow()[33m;[39m
     [90m     |[39m             [31m[1m^[22m[39m
     [90m 167 |[39m     })[33m;[39m
     [90m 168 |[39m   })[33m;[39m
     [90m 169 |[39m[0m

      at expect (../node_modules/expect/build/index.js:2116:15)
      at Object.<anonymous> (common/base/base.service.spec.ts:166:13)

  ΓùÅ BaseService ΓÇ║ update ΓÇ║ should update a record

    expect(received).toEqual(expected) // deep equality

    Expected: {"description": "Updated Desc", "id": 1, "name": "Updated"}
    Received: undefined

    [0m [90m 181 |[39m       [36mconst[39m result [33m=[39m [36mawait[39m 
service[33m.[39mupdate(id[33m,[39m updateDto)[33m;[39m
     [90m 182 |[39m
    [31m[1m>[22m[39m[90m 183 |[39m       expect(result)[33m.[39mtoEqual(mockResult)[33m;[39m
     [90m     |[39m                      [31m[1m^[22m[39m
     [90m 184 |[39m       expect(mockSupabaseService[33m.[39mupdate)[33m.[39mtoHaveBeenCalledWith(
     [90m 185 |[39m         [32m'test_table'[39m[33m,[39m
     [90m 186 |[39m         expect[33m.[39many([33mObject[39m)[33m,[39m[0m

      at Object.<anonymous> (common/base/base.service.spec.ts:183:22)

  ΓùÅ BaseService ΓÇ║ update ΓÇ║ should throw NotFoundException when record to update not found

    expect(received).rejects.toThrow()

    Received promise resolved instead of rejected
    Resolved to value: undefined

    [0m [90m 195 |[39m       })[33m;[39m
     [90m 196 |[39m
    [31m[1m>[22m[39m[90m 197 |[39m       [36mawait[39m expect(
     [90m     |[39m             [31m[1m^[22m[39m
     [90m 198 |[39m         service[33m.[39mupdate([35m999[39m[33m,[39m { name[33m:[39m 
[32m'Updated'[39m })
     [90m 199 |[39m       )[33m.[39mrejects[33m.[39mtoThrow([33mNotFoundException[39m)[33m;[39m
     [90m 200 |[39m     })[33m;[39m[0m

      at expect (../node_modules/expect/build/index.js:2116:15)
      at Object.<anonymous> (common/base/base.service.spec.ts:197:13)

  ΓùÅ BaseService ΓÇ║ delete ΓÇ║ should delete a record

    TypeError: service.delete is not a function

    [0m [90m 212 |[39m       })[33m;[39m
     [90m 213 |[39m
    [31m[1m>[22m[39m[90m 214 |[39m       [36mawait[39m 
service[33m.[39m[36mdelete[39m([35m1[39m)[33m;[39m
     [90m     |[39m                           [31m[1m^[22m[39m
     [90m 215 |[39m
     [90m 216 |[39m       expect(mockSupabaseService[33m.[39m[36mdelete[39m)[33m.[39mtoHaveBeenCalledWith(
     [90m 217 |[39m         [32m'test_table'[39m[33m,[39m[0m

      at Object.<anonymous> (common/base/base.service.spec.ts:214:27)

  ΓùÅ BaseService ΓÇ║ delete ΓÇ║ should throw NotFoundException when record to delete not found

    TypeError: service.delete is not a function

    [0m [90m 226 |[39m       })[33m;[39m
     [90m 227 |[39m
    [31m[1m>[22m[39m[90m 228 |[39m       [36mawait[39m expect(service[33m.[39m[36mdelete[39m([35m999[
39m))[33m.[39mrejects[33m.[39mtoThrow([33mNotFoundException[39m)[33m;[39m
     [90m     |[39m                                  [31m[1m^[22m[39m
     [90m 229 |[39m     })[33m;[39m
     [90m 230 |[39m   })[33m;[39m
     [90m 231 |[39m[0m

      at Object.<anonymous> (common/base/base.service.spec.ts:228:34)

PASS src/employees/employees.controller.spec.ts
FAIL src/genders/genders.controller.spec.ts
  ΓùÅ GendersController ΓÇ║ findOne ΓÇ║ should return a single gender by id

    expect(jest.fn()).toHaveBeenCalledWith(...expected)

    Expected: "1"
    Received: 1

    Number of calls: 1

    [0m [90m 69 |[39m
     [90m 70 |[39m       expect(result)[33m.[39mtoEqual(mockGender)[33m;[39m
    [31m[1m>[22m[39m[90m 71 |[39m       
expect(mockGendersService[33m.[39mfindOne)[33m.[39mtoHaveBeenCalledWith([32m'1'[39m)[33m;[39m
     [90m    |[39m                                          [31m[1m^[22m[39m
     [90m 72 |[39m     })[33m;[39m
     [90m 73 |[39m   })[33m;[39m
     [90m 74 |[39m[0m

      at Object.<anonymous> (genders/genders.controller.spec.ts:71:42)

  ΓùÅ GendersController ΓÇ║ update ΓÇ║ should update a gender

    expect(jest.fn()).toHaveBeenCalledWith(...expected)

    - Expected
    + Received

    - "1",
    + 1,
      {"name": "Masculino Atualizado"},

    Number of calls: 1

    [0m [90m  97 |[39m
     [90m  98 |[39m       expect(result)[33m.[39mtoEqual(mockResult)[33m;[39m
    [31m[1m>[22m[39m[90m  99 |[39m       
expect(mockGendersService[33m.[39mupdate)[33m.[39mtoHaveBeenCalledWith([32m'1'[39m[33m,[39m 
updateGenderDto)[33m;[39m
     [90m     |[39m                                         [31m[1m^[22m[39m
     [90m 100 |[39m     })[33m;[39m
     [90m 101 |[39m   })[33m;[39m
     [90m 102 |[39m[0m

      at Object.<anonymous> (genders/genders.controller.spec.ts:99:41)

  ΓùÅ GendersController ΓÇ║ delete ΓÇ║ should delete a gender

    TypeError: controller.delete is not a function

    [0m [90m 105 |[39m       
mockGendersService[33m.[39m[36mdelete[39m[33m.[39mmockResolvedValue(undefined)[33m;[39m
     [90m 106 |[39m
    [31m[1m>[22m[39m[90m 107 |[39m       [36mawait[39m 
controller[33m.[39m[36mdelete[39m([32m'1'[39m)[33m;[39m
     [90m     |[39m                              [31m[1m^[22m[39m
     [90m 108 |[39m
     [90m 109 |[39m       
expect(mockGendersService[33m.[39m[36mdelete[39m)[33m.[39mtoHaveBeenCalledWith([32m'1'[39m)[33m;[39m
     [90m 110 |[39m     })[33m;[39m[0m

      at Object.<anonymous> (genders/genders.controller.spec.ts:107:30)

  ΓùÅ GendersController ΓÇ║ count ΓÇ║ should return total count of genders

    TypeError: controller.count is not a function

    [0m [90m 115 |[39m       
mockGendersService[33m.[39mcount[33m.[39mmockResolvedValue([35m2[39m)[33m;[39m
     [90m 116 |[39m
    [31m[1m>[22m[39m[90m 117 |[39m       [36mconst[39m result [33m=[39m [36mawait[39m 
controller[33m.[39mcount()[33m;[39m
     [90m     |[39m                                       [31m[1m^[22m[39m
     [90m 118 |[39m
     [90m 119 |[39m       expect(result)[33m.[39mtoBe([35m2[39m)[33m;[39m
     [90m 120 |[39m       expect(mockGendersService[33m.[39mcount)[33m.[39mtoHaveBeenCalled()[33m;[39m[0m

      at Object.<anonymous> (genders/genders.controller.spec.ts:117:39)

FAIL src/persons/persons.service.spec.ts
  ΓùÅ PersonsService ΓÇ║ update ΓÇ║ should update person with only updated_by and updated_at

    expect(received).toBe(expected) // Object.is equality

    Expected: 6
    Received: undefined

    [0m [90m 235 |[39m       
     [90m 236 |[39m       [36mconst[39m updateCall [33m=[39m 
mockSupabaseService[33m.[39mupdate[33m.[39mmock[33m.[39mcalls[[35m0[39m][33m;[39m
    [31m[1m>[22m[39m[90m 237 |[39m       
expect(updateCall[[35m1[39m][33m.[39mupdated_by)[33m.[39mtoBe(userId)[33m;[39m
     [90m     |[39m                                        [31m[1m^[22m[39m
     [90m 238 |[39m       
expect(updateCall[[35m1[39m][33m.[39mlast_name)[33m.[39mtoBe([32m'Santos'[39m)[33m;[39m
     [90m 239 |[39m       
expect(updateCall[[35m1[39m][33m.[39mcreated_by)[33m.[39mtoBeUndefined()[33m;[39m [90m// Should NOT be in 
update data[39m
     [90m 240 |[39m       [0m

      at Object.<anonymous> (persons/persons.service.spec.ts:237:40)

  ΓùÅ PersonsService ΓÇ║ remove ΓÇ║ should delete a person

    expect(received).toBe(expected) // Object.is equality

    Expected: true
    Received: undefined

    [0m [90m 365 |[39m         id[33m:[39m personId[33m,[39m
     [90m 366 |[39m       })[33m;[39m
    [31m[1m>[22m[39m[90m 367 |[39m       expect(result)[33m.[39mtoBe([36mtrue[39m)[33m;[39m
     [90m     |[39m                      [31m[1m^[22m[39m
     [90m 368 |[39m     })[33m;[39m
     [90m 369 |[39m
     [90m 370 |[39m     it([32m'should throw NotFoundException if person does not exist'[39m[33m,[39m 
[36masync[39m () [33m=>[39m {[0m

      at Object.<anonymous> (persons/persons.service.spec.ts:367:22)

  ΓùÅ PersonsService ΓÇ║ update with empty fields ΓÇ║ should convert empty CPF to NULL during update

    expect(received).toBeNull()

    Received: ""

    [0m [90m 542 |[39m
     [90m 543 |[39m       [36mconst[39m updateCall [33m=[39m 
mockSupabaseService[33m.[39mupdate[33m.[39mmock[33m.[39mcalls[[35m0[39m][33m;[39m
    [31m[1m>[22m[39m[90m 544 |[39m       
expect(updateCall[[35m1[39m][33m.[39mcpf)[33m.[39mtoBeNull()[33m;[39m [90m// Should be NULL[39m
     [90m     |[39m                                 [31m[1m^[22m[39m
     [90m 545 |[39m       expect(result[33m.[39mcpf)[33m.[39mtoBeNull()[33m;[39m
     [90m 546 |[39m     })[33m;[39m
     [90m 547 |[39m[0m

      at Object.<anonymous> (persons/persons.service.spec.ts:544:33)

  ΓùÅ PersonsService ΓÇ║ update with empty fields ΓÇ║ should skip empty numeric fields during update

    expect(received).toBeUndefined()

    Received: ""

    [0m [90m 579 |[39m
     [90m 580 |[39m       [36mconst[39m updateCall [33m=[39m 
mockSupabaseService[33m.[39mupdate[33m.[39mmock[33m.[39mcalls[[35m0[39m][33m;[39m
    [31m[1m>[22m[39m[90m 581 |[39m       
expect(updateCall[[35m1[39m][33m.[39mmonthly_income)[33m.[39mtoBeUndefined()[33m;[39m [90m// Should NOT 
be in update data[39m
     [90m     |[39m                                            [31m[1m^[22m[39m
     [90m 582 |[39m       
expect(updateCall[[35m1[39m][33m.[39mlast_name)[33m.[39mtoBe([32m'Santos'[39m)[33m;[39m
     [90m 583 |[39m     })[33m;[39m
     [90m 584 |[39m   })[33m;[39m[0m

      at Object.<anonymous> (persons/persons.service.spec.ts:581:44)

FAIL src/units/units.controller.spec.ts (5.048 s)
  ΓùÅ UnitsController ΓÇ║ inherited CRUD operations ΓÇ║ should delete a unit

    TypeError: controller.delete is not a function

    [0m [90m 100 |[39m       
mockUnitsService[33m.[39m[36mdelete[39m[33m.[39mmockResolvedValue(undefined)[33m;[39m
     [90m 101 |[39m
    [31m[1m>[22m[39m[90m 102 |[39m       [36mawait[39m 
controller[33m.[39m[36mdelete[39m([32m'1'[39m)[33m;[39m
     [90m     |[39m                              [31m[1m^[22m[39m
     [90m 103 |[39m
     [90m 104 |[39m       
expect(mockUnitsService[33m.[39m[36mdelete[39m)[33m.[39mtoHaveBeenCalledWith([32m'1'[39m)[33m;[39m
     [90m 105 |[39m     })[33m;[39m[0m

      at Object.<anonymous> (units/units.controller.spec.ts:102:30)

FAIL src/common/base/base.controller.spec.ts
  ΓùÅ BaseController ΓÇ║ findAll ΓÇ║ should call service.findAll with correct pagination query

    Nest can't resolve dependencies of the TestableService (?). Please make sure that the argument SupabaseService 
at index [0] is available in the RootTestModule context.

    Potential solutions:
    - Is RootTestModule a valid NestJS module?
    - If SupabaseService is a provider, is it part of the current RootTestModule?
    - If SupabaseService is exported from a separate @Module, is that module imported within RootTestModule?
      @Module({
        imports: [ /* the Module containing SupabaseService */ ]
      })

    For more common dependency resolution issues, see: https://docs.nestjs.com/faq/common-errors

    [0m [90m 58 |[39m
     [90m 59 |[39m   beforeEach([36masync[39m () [33m=>[39m {
    [31m[1m>[22m[39m[90m 60 |[39m     [36mconst[39m module[33m:[39m [33mTestingModule[39m [33m=[39m 
[36mawait[39m [33mTest[39m[33m.[39mcreateTestingModule({
     [90m    |[39m                                   [31m[1m^[22m[39m
     [90m 61 |[39m       controllers[33m:[39m [[33mTestableController[39m][33m,[39m
     [90m 62 |[39m       providers[33m:[39m [[33mTestableService[39m][33m,[39m
     [90m 63 |[39m     })[33m.[39mcompile()[33m;[39m[0m

      at TestingInjector.lookupComponentInParentModules (../node_modules/@nestjs/core/injector/injector.js:290:19)
      at TestingInjector.resolveComponentWrapper (../node_modules/@nestjs/testing/testing-injector.js:19:45)
      at resolveParam (../node_modules/@nestjs/core/injector/injector.js:140:38)
          at async Promise.all (index 0)
      at TestingInjector.resolveConstructorParams (../node_modules/@nestjs/core/injector/injector.js:169:27)
      at TestingInjector.loadInstance (../node_modules/@nestjs/core/injector/injector.js:75:13)
      at TestingInjector.loadProvider (../node_modules/@nestjs/core/injector/injector.js:103:9)
      at ../node_modules/@nestjs/core/injector/instance-loader.js:56:13
          at async Promise.all (index 3)
      at TestingInstanceLoader.createInstancesOfProviders 
(../node_modules/@nestjs/core/injector/instance-loader.js:55:9)
      at ../node_modules/@nestjs/core/injector/instance-loader.js:40:13
          at async Promise.all (index 1)
      at TestingInstanceLoader.createInstances (../node_modules/@nestjs/core/injector/instance-loader.js:39:9)
      at TestingInstanceLoader.createInstancesOfDependencies 
(../node_modules/@nestjs/core/injector/instance-loader.js:22:13)
      at TestingInstanceLoader.createInstancesOfDependencies 
(../node_modules/@nestjs/testing/testing-instance-loader.js:9:9)
      at TestingModuleBuilder.createInstancesOfDependencies 
(../node_modules/@nestjs/testing/testing-module.builder.js:118:9)
      at TestingModuleBuilder.compile (../node_modules/@nestjs/testing/testing-module.builder.js:74:9)
      at Object.<anonymous> (common/base/base.controller.spec.ts:60:35)

  ΓùÅ BaseController ΓÇ║ findAll ΓÇ║ should handle undefined pagination parameters with defaults

    Nest can't resolve dependencies of the TestableService (?). Please make sure that the argument SupabaseService 
at index [0] is available in the RootTestModule context.

    Potential solutions:
    - Is RootTestModule a valid NestJS module?
    - If SupabaseService is a provider, is it part of the current RootTestModule?
    - If SupabaseService is exported from a separate @Module, is that module imported within RootTestModule?
      @Module({
        imports: [ /* the Module containing SupabaseService */ ]
      })

    For more common dependency resolution issues, see: https://docs.nestjs.com/faq/common-errors

    [0m [90m 58 |[39m
     [90m 59 |[39m   beforeEach([36masync[39m () [33m=>[39m {
    [31m[1m>[22m[39m[90m 60 |[39m     [36mconst[39m module[33m:[39m [33mTestingModule[39m [33m=[39m 
[36mawait[39m [33mTest[39m[33m.[39mcreateTestingModule({
     [90m    |[39m                                   [31m[1m^[22m[39m
     [90m 61 |[39m       controllers[33m:[39m [[33mTestableController[39m][33m,[39m
     [90m 62 |[39m       providers[33m:[39m [[33mTestableService[39m][33m,[39m
     [90m 63 |[39m     })[33m.[39mcompile()[33m;[39m[0m

      at TestingInjector.lookupComponentInParentModules (../node_modules/@nestjs/core/injector/injector.js:290:19)
      at TestingInjector.resolveComponentWrapper (../node_modules/@nestjs/testing/testing-injector.js:19:45)
      at resolveParam (../node_modules/@nestjs/core/injector/injector.js:140:38)
          at async Promise.all (index 0)
      at TestingInjector.resolveConstructorParams (../node_modules/@nestjs/core/injector/injector.js:169:27)
      at TestingInjector.loadInstance (../node_modules/@nestjs/core/injector/injector.js:75:13)
      at TestingInjector.loadProvider (../node_modules/@nestjs/core/injector/injector.js:103:9)
      at ../node_modules/@nestjs/core/injector/instance-loader.js:56:13
          at async Promise.all (index 3)
      at TestingInstanceLoader.createInstancesOfProviders 
(../node_modules/@nestjs/core/injector/instance-loader.js:55:9)
      at ../node_modules/@nestjs/core/injector/instance-loader.js:40:13
          at async Promise.all (index 1)
      at TestingInstanceLoader.createInstances (../node_modules/@nestjs/core/injector/instance-loader.js:39:9)
      at TestingInstanceLoader.createInstancesOfDependencies 
(../node_modules/@nestjs/core/injector/instance-loader.js:22:13)
      at TestingInstanceLoader.createInstancesOfDependencies 
(../node_modules/@nestjs/testing/testing-instance-loader.js:9:9)
      at TestingModuleBuilder.createInstancesOfDependencies 
(../node_modules/@nestjs/testing/testing-module.builder.js:118:9)
      at TestingModuleBuilder.compile (../node_modules/@nestjs/testing/testing-module.builder.js:74:9)
      at Object.<anonymous> (common/base/base.controller.spec.ts:60:35)

  ΓùÅ BaseController ΓÇ║ findOne ΓÇ║ should call service.findOne with correct id

    Nest can't resolve dependencies of the TestableService (?). Please make sure that the argument SupabaseService 
at index [0] is available in the RootTestModule context.

    Potential solutions:
    - Is RootTestModule a valid NestJS module?
    - If SupabaseService is a provider, is it part of the current RootTestModule?
    - If SupabaseService is exported from a separate @Module, is that module imported within RootTestModule?
      @Module({
        imports: [ /* the Module containing SupabaseService */ ]
      })

    For more common dependency resolution issues, see: https://docs.nestjs.com/faq/common-errors

    [0m [90m 58 |[39m
     [90m 59 |[39m   beforeEach([36masync[39m () [33m=>[39m {
    [31m[1m>[22m[39m[90m 60 |[39m     [36mconst[39m module[33m:[39m [33mTestingModule[39m [33m=[39m 
[36mawait[39m [33mTest[39m[33m.[39mcreateTestingModule({
     [90m    |[39m                                   [31m[1m^[22m[39m
     [90m 61 |[39m       controllers[33m:[39m [[33mTestableController[39m][33m,[39m
     [90m 62 |[39m       providers[33m:[39m [[33mTestableService[39m][33m,[39m
     [90m 63 |[39m     })[33m.[39mcompile()[33m;[39m[0m

      at TestingInjector.lookupComponentInParentModules (../node_modules/@nestjs/core/injector/injector.js:290:19)
      at TestingInjector.resolveComponentWrapper (../node_modules/@nestjs/testing/testing-injector.js:19:45)
      at resolveParam (../node_modules/@nestjs/core/injector/injector.js:140:38)
          at async Promise.all (index 0)
      at TestingInjector.resolveConstructorParams (../node_modules/@nestjs/core/injector/injector.js:169:27)
      at TestingInjector.loadInstance (../node_modules/@nestjs/core/injector/injector.js:75:13)
      at TestingInjector.loadProvider (../node_modules/@nestjs/core/injector/injector.js:103:9)
      at ../node_modules/@nestjs/core/injector/instance-loader.js:56:13
          at async Promise.all (index 3)
      at TestingInstanceLoader.createInstancesOfProviders 
(../node_modules/@nestjs/core/injector/instance-loader.js:55:9)
      at ../node_modules/@nestjs/core/injector/instance-loader.js:40:13
          at async Promise.all (index 1)
      at TestingInstanceLoader.createInstances (../node_modules/@nestjs/core/injector/instance-loader.js:39:9)
      at TestingInstanceLoader.createInstancesOfDependencies 
(../node_modules/@nestjs/core/injector/instance-loader.js:22:13)
      at TestingInstanceLoader.createInstancesOfDependencies 
(../node_modules/@nestjs/testing/testing-instance-loader.js:9:9)
      at TestingModuleBuilder.createInstancesOfDependencies 
(../node_modules/@nestjs/testing/testing-module.builder.js:118:9)
      at TestingModuleBuilder.compile (../node_modules/@nestjs/testing/testing-module.builder.js:74:9)
      at Object.<anonymous> (common/base/base.controller.spec.ts:60:35)

  ΓùÅ BaseController ΓÇ║ create ΓÇ║ should call service.create with dto

    Nest can't resolve dependencies of the TestableService (?). Please make sure that the argument SupabaseService 
at index [0] is available in the RootTestModule context.

    Potential solutions:
    - Is RootTestModule a valid NestJS module?
    - If SupabaseService is a provider, is it part of the current RootTestModule?
    - If SupabaseService is exported from a separate @Module, is that module imported within RootTestModule?
      @Module({
        imports: [ /* the Module containing SupabaseService */ ]
      })

    For more common dependency resolution issues, see: https://docs.nestjs.com/faq/common-errors

    [0m [90m 58 |[39m
     [90m 59 |[39m   beforeEach([36masync[39m () [33m=>[39m {
    [31m[1m>[22m[39m[90m 60 |[39m     [36mconst[39m module[33m:[39m [33mTestingModule[39m [33m=[39m 
[36mawait[39m [33mTest[39m[33m.[39mcreateTestingModule({
     [90m    |[39m                                   [31m[1m^[22m[39m
     [90m 61 |[39m       controllers[33m:[39m [[33mTestableController[39m][33m,[39m
     [90m 62 |[39m       providers[33m:[39m [[33mTestableService[39m][33m,[39m
     [90m 63 |[39m     })[33m.[39mcompile()[33m;[39m[0m

      at TestingInjector.lookupComponentInParentModules (../node_modules/@nestjs/core/injector/injector.js:290:19)
      at TestingInjector.resolveComponentWrapper (../node_modules/@nestjs/testing/testing-injector.js:19:45)
      at resolveParam (../node_modules/@nestjs/core/injector/injector.js:140:38)
          at async Promise.all (index 0)
      at TestingInjector.resolveConstructorParams (../node_modules/@nestjs/core/injector/injector.js:169:27)
      at TestingInjector.loadInstance (../node_modules/@nestjs/core/injector/injector.js:75:13)
      at TestingInjector.loadProvider (../node_modules/@nestjs/core/injector/injector.js:103:9)
      at ../node_modules/@nestjs/core/injector/instance-loader.js:56:13
          at async Promise.all (index 3)
      at TestingInstanceLoader.createInstancesOfProviders 
(../node_modules/@nestjs/core/injector/instance-loader.js:55:9)
      at ../node_modules/@nestjs/core/injector/instance-loader.js:40:13
          at async Promise.all (index 1)
      at TestingInstanceLoader.createInstances (../node_modules/@nestjs/core/injector/instance-loader.js:39:9)
      at TestingInstanceLoader.createInstancesOfDependencies 
(../node_modules/@nestjs/core/injector/instance-loader.js:22:13)
      at TestingInstanceLoader.createInstancesOfDependencies 
(../node_modules/@nestjs/testing/testing-instance-loader.js:9:9)
      at TestingModuleBuilder.createInstancesOfDependencies 
(../node_modules/@nestjs/testing/testing-module.builder.js:118:9)
      at TestingModuleBuilder.compile (../node_modules/@nestjs/testing/testing-module.builder.js:74:9)
      at Object.<anonymous> (common/base/base.controller.spec.ts:60:35)

  ΓùÅ BaseController ΓÇ║ update ΓÇ║ should call service.update with id and dto

    Nest can't resolve dependencies of the TestableService (?). Please make sure that the argument SupabaseService 
at index [0] is available in the RootTestModule context.

    Potential solutions:
    - Is RootTestModule a valid NestJS module?
    - If SupabaseService is a provider, is it part of the current RootTestModule?
    - If SupabaseService is exported from a separate @Module, is that module imported within RootTestModule?
      @Module({
        imports: [ /* the Module containing SupabaseService */ ]
      })

    For more common dependency resolution issues, see: https://docs.nestjs.com/faq/common-errors

    [0m [90m 58 |[39m
     [90m 59 |[39m   beforeEach([36masync[39m () [33m=>[39m {
    [31m[1m>[22m[39m[90m 60 |[39m     [36mconst[39m module[33m:[39m [33mTestingModule[39m [33m=[39m 
[36mawait[39m [33mTest[39m[33m.[39mcreateTestingModule({
     [90m    |[39m                                   [31m[1m^[22m[39m
     [90m 61 |[39m       controllers[33m:[39m [[33mTestableController[39m][33m,[39m
     [90m 62 |[39m       providers[33m:[39m [[33mTestableService[39m][33m,[39m
     [90m 63 |[39m     })[33m.[39mcompile()[33m;[39m[0m

      at TestingInjector.lookupComponentInParentModules (../node_modules/@nestjs/core/injector/injector.js:290:19)
      at TestingInjector.resolveComponentWrapper (../node_modules/@nestjs/testing/testing-injector.js:19:45)
      at resolveParam (../node_modules/@nestjs/core/injector/injector.js:140:38)
          at async Promise.all (index 0)
      at TestingInjector.resolveConstructorParams (../node_modules/@nestjs/core/injector/injector.js:169:27)
      at TestingInjector.loadInstance (../node_modules/@nestjs/core/injector/injector.js:75:13)
      at TestingInjector.loadProvider (../node_modules/@nestjs/core/injector/injector.js:103:9)
      at ../node_modules/@nestjs/core/injector/instance-loader.js:56:13
          at async Promise.all (index 3)
      at TestingInstanceLoader.createInstancesOfProviders 
(../node_modules/@nestjs/core/injector/instance-loader.js:55:9)
      at ../node_modules/@nestjs/core/injector/instance-loader.js:40:13
          at async Promise.all (index 1)
      at TestingInstanceLoader.createInstances (../node_modules/@nestjs/core/injector/instance-loader.js:39:9)
      at TestingInstanceLoader.createInstancesOfDependencies 
(../node_modules/@nestjs/core/injector/instance-loader.js:22:13)
      at TestingInstanceLoader.createInstancesOfDependencies 
(../node_modules/@nestjs/testing/testing-instance-loader.js:9:9)
      at TestingModuleBuilder.createInstancesOfDependencies 
(../node_modules/@nestjs/testing/testing-module.builder.js:118:9)
      at TestingModuleBuilder.compile (../node_modules/@nestjs/testing/testing-module.builder.js:74:9)
      at Object.<anonymous> (common/base/base.controller.spec.ts:60:35)

  ΓùÅ BaseController ΓÇ║ delete ΓÇ║ should call service.delete with correct id

    Nest can't resolve dependencies of the TestableService (?). Please make sure that the argument SupabaseService 
at index [0] is available in the RootTestModule context.

    Potential solutions:
    - Is RootTestModule a valid NestJS module?
    - If SupabaseService is a provider, is it part of the current RootTestModule?
    - If SupabaseService is exported from a separate @Module, is that module imported within RootTestModule?
      @Module({
        imports: [ /* the Module containing SupabaseService */ ]
      })

    For more common dependency resolution issues, see: https://docs.nestjs.com/faq/common-errors

    [0m [90m 58 |[39m
     [90m 59 |[39m   beforeEach([36masync[39m () [33m=>[39m {
    [31m[1m>[22m[39m[90m 60 |[39m     [36mconst[39m module[33m:[39m [33mTestingModule[39m [33m=[39m 
[36mawait[39m [33mTest[39m[33m.[39mcreateTestingModule({
     [90m    |[39m                                   [31m[1m^[22m[39m
     [90m 61 |[39m       controllers[33m:[39m [[33mTestableController[39m][33m,[39m
     [90m 62 |[39m       providers[33m:[39m [[33mTestableService[39m][33m,[39m
     [90m 63 |[39m     })[33m.[39mcompile()[33m;[39m[0m

      at TestingInjector.lookupComponentInParentModules (../node_modules/@nestjs/core/injector/injector.js:290:19)
      at TestingInjector.resolveComponentWrapper (../node_modules/@nestjs/testing/testing-injector.js:19:45)
      at resolveParam (../node_modules/@nestjs/core/injector/injector.js:140:38)
          at async Promise.all (index 0)
      at TestingInjector.resolveConstructorParams (../node_modules/@nestjs/core/injector/injector.js:169:27)
      at TestingInjector.loadInstance (../node_modules/@nestjs/core/injector/injector.js:75:13)
      at TestingInjector.loadProvider (../node_modules/@nestjs/core/injector/injector.js:103:9)
      at ../node_modules/@nestjs/core/injector/instance-loader.js:56:13
          at async Promise.all (index 3)
      at TestingInstanceLoader.createInstancesOfProviders 
(../node_modules/@nestjs/core/injector/instance-loader.js:55:9)
      at ../node_modules/@nestjs/core/injector/instance-loader.js:40:13
          at async Promise.all (index 1)
      at TestingInstanceLoader.createInstances (../node_modules/@nestjs/core/injector/instance-loader.js:39:9)
      at TestingInstanceLoader.createInstancesOfDependencies 
(../node_modules/@nestjs/core/injector/instance-loader.js:22:13)
      at TestingInstanceLoader.createInstancesOfDependencies 
(../node_modules/@nestjs/testing/testing-instance-loader.js:9:9)
      at TestingModuleBuilder.createInstancesOfDependencies 
(../node_modules/@nestjs/testing/testing-module.builder.js:118:9)
      at TestingModuleBuilder.compile (../node_modules/@nestjs/testing/testing-module.builder.js:74:9)
      at Object.<anonymous> (common/base/base.controller.spec.ts:60:35)

FAIL src/roles/roles.controller.spec.ts
  ΓùÅ RolesController (CRUD) ΓÇ║ create ΓÇ║ should create a new role

    expect(jest.fn()).toHaveBeenCalledWith(...expected)

    - Expected
    + Received

      {"description": "Manager role", "name": "Manager"},
    - 1,

    Number of calls: 1

    [0m [90m 113 |[39m
     [90m 114 |[39m       expect(result)[33m.[39mtoEqual(mockResult)[33m;[39m
    [31m[1m>[22m[39m[90m 115 |[39m       
expect(mockRolesService[33m.[39mcreate)[33m.[39mtoHaveBeenCalledWith(createDto[33m,[39m 
[35m1[39m)[33m;[39m
     [90m     |[39m                                       [31m[1m^[22m[39m
     [90m 116 |[39m     })[33m;[39m
     [90m 117 |[39m   })[33m;[39m
     [90m 118 |[39m[0m

      at Object.<anonymous> (roles/roles.controller.spec.ts:115:39)

  ΓùÅ RolesController (CRUD) ΓÇ║ update ΓÇ║ should update a role

    expect(jest.fn()).toHaveBeenCalledWith(...expected)

    - Expected
    + Received

      1,
      {"name": "Senior Manager"},
    - 1,

    Number of calls: 1

    [0m [90m 132 |[39m
     [90m 133 |[39m       expect(result)[33m.[39mtoEqual(mockResult)[33m;[39m
    [31m[1m>[22m[39m[90m 134 |[39m       
expect(mockRolesService[33m.[39mupdate)[33m.[39mtoHaveBeenCalledWith([35m1[39m[33m,[39m 
updateDto[33m,[39m [35m1[39m)[33m;[39m
     [90m     |[39m                                       [31m[1m^[22m[39m
     [90m 135 |[39m     })[33m;[39m
     [90m 136 |[39m   })[33m;[39m
     [90m 137 |[39m[0m

      at Object.<anonymous> (roles/roles.controller.spec.ts:134:39)

  ΓùÅ RolesController (CRUD) ΓÇ║ Custom Methods ΓÇ║ should find roles by technician flag

    expect(jest.fn()).toHaveBeenCalledWith(...expected)

    Expected: true
    Received: false

    Number of calls: 1

    [0m [90m 148 |[39m
     [90m 149 |[39m       expect(result)[33m.[39mtoEqual(mockRoles)[33m;[39m
    [31m[1m>[22m[39m[90m 150 |[39m       
expect(mockRolesService[33m.[39mfindByTechnician)[33m.[39mtoHaveBeenCalledWith([36mtrue[39m)[33m;[39m
     [90m     |[39m                                                 [31m[1m^[22m[39m
     [90m 151 |[39m     })[33m;[39m
     [90m 152 |[39m   })[33m;[39m
     [90m 153 |[39m })[33m;[39m[0m

      at Object.<anonymous> (roles/roles.controller.spec.ts:150:49)

PASS src/units/units.service.spec.ts
PASS src/departments/departments.controller.spec.ts
PASS src/family-composition/family-composition.controller.spec.ts
PASS src/family-composition/family-composition.service.spec.ts
PASS src/departments/departments.service.spec.ts
PASS src/employees/employees.service.spec.ts
PASS src/roles/roles.service.spec.ts
PASS src/app.controller.spec.ts
PASS src/genders/genders.service.spec.ts

Test Suites: 6 failed, 10 passed, 16 total
Tests:       26 failed, 104 passed, 130 total
Snapshots:   0 total
Time:        8.451 s
Ran all test suites.
